[36mvite v5.4.21 [32mbuilding for production...[36m[39m
transforming...
[32m✓[39m 1952 modules transformed.
[31mx[39m Build failed in 7.59s
[31merror during build:
[31m[vite]: Rollup failed to resolve import "@react-three/fiber" from "C:/Users/urke5/OneDrive/Documents/ChainTrust/src/components/Portfolio3D.tsx".
This is most likely unintended because it can break your application at runtime.
If you do want to externalize this module explicitly add it to
`build.rollupOptions.external`[31m
    at viteWarn (file:///C:/Users/urke5/OneDrive/Documents/ChainTrust/node_modules/vite/dist/node/chunks/dep-BK3b2jBa.js:65855:17)
    at onwarn (file:///C:/Users/urke5/OneDrive/Documents/ChainTrust/node_modules/@vitejs/plugin-react-swc/index.js:90:7)
    at onRollupWarning (file:///C:/Users/urke5/OneDrive/Documents/ChainTrust/node_modules/vite/dist/node/chunks/dep-BK3b2jBa.js:65885:5)
    at onwarn (file:///C:/Users/urke5/OneDrive/Documents/ChainTrust/node_modules/vite/dist/node/chunks/dep-BK3b2jBa.js:65550:7)
    at file:///C:/Users/urke5/OneDrive/Documents/ChainTrust/node_modules/rollup/dist/es/shared/node-entry.js:21383:13
    at Object.logger [as onLog] (file:///C:/Users/urke5/OneDrive/Documents/ChainTrust/node_modules/rollup/dist/es/shared/node-entry.js:23364:9)
    at ModuleLoader.handleInvalidResolvedId (file:///C:/Users/urke5/OneDrive/Documents/ChainTrust/node_modules/rollup/dist/es/shared/node-entry.js:22108:26)
    at file:///C:/Users/urke5/OneDrive/Documents/ChainTrust/node_modules/rollup/dist/es/shared/node-entry.js:22066:26[39m
npm notice
npm notice New minor version of npm available! 11.11.0 -> 11.12.1
npm notice Changelog: https://github.com/npm/cli/releases/tag/v11.12.1
npm notice To update run: npm install -g npm@11.12.1
npm notice
